// Jest Snapshot v1, https://goo.gl/fbAQLP

exports[`codegen element 1`] = `
"import { createElementBlock as _createElementBlock } from 'Vue'
export function render (_ctx, _cache, $props, $setup, $data, $options){return _createElementBlock('div')}"
`;

exports[`codegen interpolation 1`] = `
"import { toDisplayString as _toDisplayString } from 'Vue'
export function render (_ctx, _cache, $props, $setup, $data, $options){return _toDisplayString(_ctx.message)}"
`;

exports[`codegen string 1`] = `"export function render (_ctx, _cache, $props, $setup, $data, $options){return 'Hello World'}"`;
